// Vitest Snapshot v1, https://vitest.dev/guide/snapshot.html

exports[`accepts graphql DocumentNode as alternative to raw string 1`] = `
{
  "requests": [
    {
      "body": {
        "query": "{
  query {
    users
  }
}",
      },
      "headers": {
        "accept": "application/graphql-response+json, application/json",
        "accept-encoding": "gzip, deflate",
        "accept-language": "*",
        "connection": "keep-alive",
        "content-length": "43",
        "content-type": "application/json",
        "host": "DYNAMIC",
        "sec-fetch-mode": "cors",
        "user-agent": "node",
      },
      "method": "POST",
    },
  ],
  "spec": {
    "body": {
      "data": {
        "foo": 1,
      },
    },
  },
}
`;
