// Vitest Snapshot v1, https://vitest.dev/guide/snapshot.html

exports[`gql > passthrough allowing benefits of tooling for gql template tag 1`] = `
{
  "requests": [
    {
      "body": {
        "operationName": "allUsers",
        "query": "query allUsers {
  users
}",
      },
      "headers": {
        "accept": "application/graphql-response+json, application/json",
        "accept-encoding": "gzip, deflate",
        "accept-language": "*",
        "connection": "keep-alive",
        "content-length": "67",
        "content-type": "application/json",
        "host": "DYNAMIC",
        "sec-fetch-mode": "cors",
        "user-agent": "node",
      },
      "method": "POST",
    },
  ],
  "spec": {
    "body": {
      "data": {
        "foo": 1,
      },
    },
  },
}
`;
